Provider capability: usb.controller@1 (generic ABI 1)
Exact linked ELF imports: 47
ELF SHA-256: 9451ede799d85e8e8671de8c70fefae50788c39f05511fee91c94294ce883d5f
provider-abi.v1 SHA-256: 45267b2e246bdb6a0ff9639d3fed88e0be35f54841d191273a6d96312bc2796e
privileged-imports.v1 SHA-256: c4afa934bdd799046a244e94f82c2d202f72f7010c419c86c6f62095ded168fe
Unsigned provider metadata generated; SHA-256 is integrity, not authority.
usb-controller-esp32s3@0.1.25 health profile PASS
Provider capability: usb.host@1 (generic ABI 1)
Exact linked ELF imports: 1
ELF SHA-256: 48c426cf5c16c8a01d7f1f54f579df2a109fd271681f39430a25a1dbad7af40c
provider-abi.v1 SHA-256: 270e93fd7526e0193fa8670e18410c96b2b081b202823448bba14bdf5ef5faa9
privileged-imports.v1 SHA-256: 1591d47dab39b502bcc6e3e65dc1d466fb29f53433054fe5046f432ab4a6d16d
Unsigned provider metadata generated; SHA-256 is integrity, not authority.
usb-host-v2@0.1.7 health profile PASS
Provider capability: usb.hid@1 (generic ABI 1)
Exact linked ELF imports: 2
ELF SHA-256: d4140a64dce51ccaa3ae755f4a1923ee8ef12d87b5d672c27ed98f5cec6fa99f
provider-abi.v1 SHA-256: 1c7cb1cf375e55ae85b5c9cb3981969fb89fe5f36678609df90640c48a3fe53b
privileged-imports.v1 SHA-256: a46fff766cb063bc348b3e7a6670e4a48c5c9201f0da92e73a67670229be7cca
Unsigned provider metadata generated; SHA-256 is integrity, not authority.
usb-hid@0.1.3 health profile PASS
Provider capability: usb.hid.mouse@1 (generic ABI 1)
Exact linked ELF imports: 2
ELF SHA-256: 8adf30b2e6937de887831ab1ac89cc55de642ec48f5a1237eeecbfd7a0176359
provider-abi.v1 SHA-256: 6812428de30a362d060590e60ffa41dbffbf5f48adc69e74c03582fa523a89ba
privileged-imports.v1 SHA-256: a46fff766cb063bc348b3e7a6670e4a48c5c9201f0da92e73a67670229be7cca
Unsigned provider metadata generated; SHA-256 is integrity, not authority.
usb-hid-mouse@0.1.1 health profile PASS
Provider capability: usb.hid.keyboard@1 (generic ABI 1)
Exact linked ELF imports: 2
ELF SHA-256: 8f38404ecb3ae2300294d2273af53bd25ef7811f54ee07f26df90df36421131b
provider-abi.v1 SHA-256: d9354efb9bae9d9d834a85ae18899184a348f02290dbe1286575db7cf1122080
privileged-imports.v1 SHA-256: a46fff766cb063bc348b3e7a6670e4a48c5c9201f0da92e73a67670229be7cca
Unsigned provider metadata generated; SHA-256 is integrity, not authority.
usb-hid-keyboard@0.1.2 health profile PASS
Provider capability: usb.hid.gamepad@1 (generic ABI 1)
Exact linked ELF imports: 2
ELF SHA-256: 64c82ff6b82729ec170d364e9d3fd56da6879ff281a003e44b868cf55cbfeaa4
provider-abi.v1 SHA-256: 6b5f0f4c7e97304a917e44e9dad87ee2b61419ccaef74217efd1fbbd918b85bf
privileged-imports.v1 SHA-256: a46fff766cb063bc348b3e7a6670e4a48c5c9201f0da92e73a67670229be7cca
Unsigned provider metadata generated; SHA-256 is integrity, not authority.
usb-hid-gamepad@0.1.5 health profile PASS
Provider capability: usb.xinput.gamepad@1 (generic ABI 1)
Exact linked ELF imports: 2
ELF SHA-256: b2d63f2f1dd3bb09bbf37e171f79dc46b111a4d9893b98ebdd72c87b9d8f719d
provider-abi.v1 SHA-256: 34a80c48f2d2cef60c5578a4a1f1ec14906876a54cda5196a81aea39838c237c
privileged-imports.v1 SHA-256: a46fff766cb063bc348b3e7a6670e4a48c5c9201f0da92e73a67670229be7cca
Unsigned provider metadata generated; SHA-256 is integrity, not authority.
usb-xinput-gamepad@0.1.4 health profile PASS
Provider capability: input.text@1 (generic ABI 1)
Exact linked ELF imports: 2
ELF SHA-256: 447fbeab894241885227e632632bf4b5f6cf88e562e84a246455c1d81dac4425
provider-abi.v1 SHA-256: e7b64f42da084d97a5bf4a047efe24f4dca9425d4fd4513f8d83e5d1aec51ff3
privileged-imports.v1 SHA-256: a46fff766cb063bc348b3e7a6670e4a48c5c9201f0da92e73a67670229be7cca
Unsigned provider metadata generated; SHA-256 is integrity, not authority.
usb-hid-text-input@0.1.1 health profile PASS
