Production paper boot/default dispatch home PASS
Production paper boot/default dispatch reader PASS
Production paper boot/default dispatch desk PASS
Production paper boot/default dispatch desk-reader PASS
Production paper boot/default dispatch missing PASS
Production paper boot/default dispatch rejected PASS
Production paper boot/default dispatch invalid PASS
Production paper boot/default dispatch explicit PASS
Production paper boot/default dispatch custom PASS
Production paper boot/default dispatch recovery PASS
Production paper boot/default dispatch display PASS
Production paper boot/default dispatch retained PASS
Production paper boot/default dispatch home PASS
Production paper boot/default dispatch reader PASS
Production paper boot/default dispatch desk PASS
Production paper boot/default dispatch desk-reader PASS
Production paper boot/default dispatch missing PASS
Production paper boot/default dispatch rejected PASS
Production paper boot/default dispatch invalid PASS
Production paper boot/default dispatch explicit PASS
Production paper boot/default dispatch custom PASS
Production paper boot/default dispatch recovery PASS
Production paper boot/default dispatch display PASS
Production paper boot/default dispatch retained PASS
Production paper boot/default dispatch notready PASS
