Verified 86 fixture files and 19 actual packages
STAGE serial-first roots=2 profiles=19 read_calls=57 bytes=15170 upper_waits=397 directory_peak=2 directory_failures=0 live=0 sectors=914 modules=8 pins=8
STAGE serial-ten-repeat roots=0 profiles=0 read_calls=0 bytes=0 upper_waits=0 directory_peak=0 directory_failures=0 live=0 sectors=0 modules=8 pins=8
STAGE navigation-first roots=16 profiles=314 read_calls=2080 bytes=903379 upper_waits=3123 directory_peak=1 directory_failures=0 live=0 sectors=4905 modules=18 pins=18
STAGE navigation-ten-repeat roots=10 profiles=190 read_calls=190 bytes=8130 upper_waits=580 directory_peak=1 directory_failures=0 live=0 sectors=1511 modules=18 pins=18
STAGE touch-after roots=3 profiles=58 read_calls=147 bytes=46945 upper_waits=295 directory_peak=1 directory_failures=0 live=0 sectors=575 modules=19 pins=19
STAGE generation-rebuild roots=2 profiles=38 read_calls=84 bytes=18773 upper_waits=425 directory_peak=2 directory_failures=0 live=0 sectors=1013 modules=19 pins=19
STAGE generation-rebuilt-warm roots=1 profiles=19 read_calls=19 bytes=813 upper_waits=58 directory_peak=1 directory_failures=0 live=0 sectors=151 modules=19 pins=19
Production provider admission navigation (candidate) PASS
STAGE serial-first roots=2 profiles=19 read_calls=57 bytes=15170 upper_waits=397 directory_peak=2 directory_failures=0 live=0 sectors=914 modules=8 pins=8
STAGE serial-ten-repeat roots=0 profiles=0 read_calls=0 bytes=0 upper_waits=0 directory_peak=0 directory_failures=0 live=0 sectors=0 modules=8 pins=8
STAGE touch-first roots=3 profiles=58 read_calls=147 bytes=46945 upper_waits=295 directory_peak=1 directory_failures=0 live=0 sectors=575 modules=9 pins=9
STAGE navigation-first roots=16 profiles=314 read_calls=2080 bytes=903379 upper_waits=3123 directory_peak=1 directory_failures=0 live=0 sectors=4906 modules=19 pins=19
STAGE navigation-ten-repeat roots=10 profiles=190 read_calls=190 bytes=8130 upper_waits=580 directory_peak=1 directory_failures=0 live=0 sectors=1511 modules=19 pins=19
STAGE touch-after roots=1 profiles=19 read_calls=19 bytes=813 upper_waits=58 directory_peak=1 directory_failures=0 live=0 sectors=151 modules=19 pins=19
STAGE generation-rebuild roots=2 profiles=38 read_calls=84 bytes=18773 upper_waits=425 directory_peak=2 directory_failures=0 live=0 sectors=1012 modules=19 pins=19
STAGE generation-rebuilt-warm roots=1 profiles=19 read_calls=19 bytes=813 upper_waits=58 directory_peak=1 directory_failures=0 live=0 sectors=151 modules=19 pins=19
Production provider admission touch-first (candidate) PASS
STAGE topological-eight roots=18 profiles=350 read_calls=2069 bytes=883700 upper_waits=3145 directory_peak=1 directory_failures=0 live=0 sectors=4973 modules=16 pins=16
STAGE topological-rest roots=10 profiles=193 read_calls=329 bytes=73941 upper_waits=795 directory_peak=1 directory_failures=0 live=0 sectors=1867 modules=19 pins=19
REJECT cap=capacity.slot.24 reason=Provider dependency unavailable: capacity.slot.24
STAGE full-graph-reuse-and-overflow roots=14 profiles=324 read_calls=718 bytes=158065 upper_waits=3454 directory_peak=2 directory_failures=0 live=0 sectors=9970 modules=24 pins=24
Exact production GraphV2 capacity and overflow PASS
Production provider admission capacity (candidate) PASS
REJECT cap=input.navigation reason=Provider directory read failed: /Drivers
STAGE injected-failure roots=1 profiles=0 read_calls=0 bytes=0 upper_waits=1 directory_peak=1 directory_failures=0 live=0 sectors=0 modules=8 pins=8
STAGE retry-after-fault roots=17 profiles=333 read_calls=2145 bytes=921339 upper_waits=3490 directory_peak=2 directory_failures=0 live=0 sectors=5766 modules=18 pins=18
REJECT cap=input.navigation reason=Provider directory close failed: /Drivers
STAGE injected-failure roots=1 profiles=19 read_calls=19 bytes=813 upper_waits=58 directory_peak=1 directory_failures=0 live=0 sectors=151 modules=8 pins=8
STAGE retry-after-fault roots=17 profiles=333 read_calls=2145 bytes=921339 upper_waits=3490 directory_peak=2 directory_failures=0 live=0 sectors=5767 modules=18 pins=18
STAGE generation-change-revalidated roots=16 profiles=314 read_calls=2080 bytes=903379 upper_waits=3123 directory_peak=1 directory_failures=0 live=0 sectors=4905 modules=18 pins=18
STAGE retry-after-fault roots=2 profiles=38 read_calls=84 bytes=18773 upper_waits=425 directory_peak=2 directory_failures=0 live=0 sectors=1013 modules=18 pins=18
REJECT cap=input.navigation reason=Provider dependency unavailable: input.navigation
STAGE injected-failure roots=1 profiles=19 read_calls=19 bytes=768 upper_waits=56 directory_peak=1 directory_failures=0 live=0 sectors=150 modules=8 pins=8
STAGE retry-after-fault roots=17 profiles=333 read_calls=2145 bytes=921339 upper_waits=3490 directory_peak=2 directory_failures=0 live=0 sectors=5766 modules=18 pins=18
REJECT cap=input.touch.raw reason=Provider dependency unavailable: input.touch.raw
STAGE injected-failure roots=1 profiles=19 read_calls=21 bytes=1479 upper_waits=66 directory_peak=1 directory_failures=0 live=0 sectors=164 modules=8 pins=8
STAGE retry-after-fault roots=4 profiles=77 read_calls=212 bytes=64905 upper_waits=662 directory_peak=2 directory_failures=0 live=0 sectors=1437 modules=9 pins=9
REJECT cap=input.navigation reason=Provider candidate allocation failed: input.navigation
STAGE match-allocation-refusal roots=1 profiles=18 read_calls=18 bytes=766 upper_waits=54 directory_peak=1 directory_failures=0 live=0 sectors=138 modules=8 pins=8
STAGE match-allocation-retry roots=16 profiles=314 read_calls=2080 bytes=903379 upper_waits=3123 directory_peak=1 directory_failures=0 live=0 sectors=4906 modules=18 pins=18
REJECT cap=input.navigation reason=Provider candidate allocation failed: input.text
STAGE match-allocation-refusal roots=2 profiles=36 read_calls=40 bytes=3036 upper_waits=129 directory_peak=1 directory_failures=0 live=0 sectors=345 modules=8 pins=8
STAGE match-allocation-retry roots=16 profiles=314 read_calls=2080 bytes=903379 upper_waits=3123 directory_peak=1 directory_failures=0 live=0 sectors=4906 modules=18 pins=18
REJECT cap=input.navigation reason=Provider candidate allocation failed: usb.hid
STAGE match-allocation-refusal roots=4 profiles=73 read_calls=85 bytes=7244 upper_waits=282 directory_peak=1 directory_failures=0 live=0 sectors=744 modules=8 pins=8
STAGE match-allocation-retry roots=16 profiles=314 read_calls=2080 bytes=903379 upper_waits=3123 directory_peak=1 directory_failures=0 live=0 sectors=4906 modules=18 pins=18
REJECT cap=input.touch.raw reason=Provider dependency unavailable: input.touch.raw
STAGE profile-digest-mismatch roots=1 profiles=20 read_calls=24 bytes=2241 upper_waits=81 directory_peak=1 directory_failures=0 live=0 sectors=181 modules=8 pins=8
STAGE restored-package-retry roots=4 profiles=77 read_calls=212 bytes=64905 upper_waits=662 directory_peak=2 directory_failures=0 live=0 sectors=1437 modules=9 pins=9
REJECT cap=input.touch.raw reason=Provider dependency unavailable: input.touch.raw
STAGE elf-header-corruption roots=1 profiles=19 read_calls=21 bytes=1531 upper_waits=67 directory_peak=1 directory_failures=0 live=0 sectors=166 modules=8 pins=8
STAGE restored-package-retry roots=4 profiles=77 read_calls=212 bytes=64905 upper_waits=662 directory_peak=2 directory_failures=0 live=0 sectors=1437 modules=9 pins=9
STAGE valid-header-corrupt-elf-registered roots=4 profiles=77 read_calls=212 bytes=64905 upper_waits=662 directory_peak=2 directory_failures=0 live=0 sectors=1436 modules=9 pins=9
STAGE corrupt-elf-admission-refused roots=0 profiles=0 read_calls=13 bytes=44292 upper_waits=18 directory_peak=0 directory_failures=0 live=0 sectors=113 modules=9 pins=9
STAGE restored-elf-registration roots=4 profiles=77 read_calls=212 bytes=64905 upper_waits=662 directory_peak=2 directory_failures=0 live=0 sectors=1436 modules=9 pins=9
STAGE restored-elf-admission roots=0 profiles=0 read_calls=13 bytes=44292 upper_waits=18 directory_peak=0 directory_failures=0 live=0 sectors=113 modules=9 pins=9
Production provider admission faults (candidate) PASS
