Verified 86 fixture files and 19 actual packages
In file included from /workspace/scratch/c744abbbbd60/consolidation-runtime/lib/ArduinoJson/src/ArduinoJson.hpp:50,
                 from /workspace/scratch/c744abbbbd60/consolidation-runtime/lib/ArduinoJson/src/ArduinoJson.h:9,
                 from src/native/AppManifest.cpp:3:
In member function ‘ArduinoJson::V742HB42::detail::CollectionData::iterator ArduinoJson::V742HB42::detail::ObjectData::findKey(TAdaptedString, const ArduinoJson::V742HB42::detail::ResourceManager*) const [with TAdaptedString = ArduinoJson::V742HB42::detail::RamString]’,
    inlined from ‘ArduinoJson::V742HB42::detail::VariantData* ArduinoJson::V742HB42::detail::ObjectData::getMember(TAdaptedString, const ArduinoJson::V742HB42::detail::ResourceManager*) const [with TAdaptedString = ArduinoJson::V742HB42::detail::RamString]’ at /workspace/scratch/c744abbbbd60/consolidation-runtime/lib/ArduinoJson/src/ArduinoJson/Object/ObjectImpl.hpp:16:20,
    inlined from ‘static ArduinoJson::V742HB42::detail::VariantData* ArduinoJson::V742HB42::detail::ObjectData::getMember(const ArduinoJson::V742HB42::detail::ObjectData*, TAdaptedString, const ArduinoJson::V742HB42::detail::ResourceManager*) [with TAdaptedString = ArduinoJson::V742HB42::detail::RamString]’ at /workspace/scratch/c744abbbbd60/consolidation-runtime/lib/ArduinoJson/src/ArduinoJson/Object/ObjectData.hpp:30:29,
    inlined from ‘ArduinoJson::V742HB42::JsonVariantConst ArduinoJson::V742HB42::JsonObjectConst::operator[](const TString&) const [with TString = char [4]; typename ArduinoJson::V742HB42::detail::enable_if<ArduinoJson::V742HB42::detail::IsString<TString>::value, int>::type <anonymous> = 0]’ at /workspace/scratch/c744abbbbd60/consolidation-runtime/lib/ArduinoJson/src/ArduinoJson/Object/JsonObjectConst.hpp:104:58:
/workspace/scratch/c744abbbbd60/consolidation-runtime/lib/ArduinoJson/src/ArduinoJson/Object/ObjectImpl.hpp:36:21: warning: ‘<anonymous>.ArduinoJson::V742HB42::detail::CollectionIterator::nextId_’ may be used uninitialized [-Wmaybe-uninitialized]
   36 |     return iterator();
      |                     ^
/workspace/scratch/c744abbbbd60/consolidation-runtime/lib/ArduinoJson/src/ArduinoJson/Object/ObjectImpl.hpp: In member function ‘ArduinoJson::V742HB42::JsonVariantConst ArduinoJson::V742HB42::JsonObjectConst::operator[](const TString&) const [with TString = char [4]; typename ArduinoJson::V742HB42::detail::enable_if<ArduinoJson::V742HB42::detail::IsString<TString>::value, int>::type <anonymous> = 0]’:
/workspace/scratch/c744abbbbd60/consolidation-runtime/lib/ArduinoJson/src/ArduinoJson/Object/ObjectImpl.hpp:36:12: note: ‘<anonymous>’ declared here
   36 |     return iterator();
      |            ^~~~~~~~~~
In member function ‘ArduinoJson::V742HB42::detail::CollectionData::iterator ArduinoJson::V742HB42::detail::ObjectData::findKey(TAdaptedString, const ArduinoJson::V742HB42::detail::ResourceManager*) const [with TAdaptedString = ArduinoJson::V742HB42::detail::RamString]’,
    inlined from ‘ArduinoJson::V742HB42::detail::VariantData* ArduinoJson::V742HB42::detail::ObjectData::getMember(TAdaptedString, const ArduinoJson::V742HB42::detail::ResourceManager*) const [with TAdaptedString = ArduinoJson::V742HB42::detail::RamString]’ at /workspace/scratch/c744abbbbd60/consolidation-runtime/lib/ArduinoJson/src/ArduinoJson/Object/ObjectImpl.hpp:16:20,
    inlined from ‘static ArduinoJson::V742HB42::detail::VariantData* ArduinoJson::V742HB42::detail::ObjectData::getMember(const ArduinoJson::V742HB42::detail::ObjectData*, TAdaptedString, const ArduinoJson::V742HB42::detail::ResourceManager*) [with TAdaptedString = ArduinoJson::V742HB42::detail::RamString]’ at /workspace/scratch/c744abbbbd60/consolidation-runtime/lib/ArduinoJson/src/ArduinoJson/Object/ObjectData.hpp:30:29,
    inlined from ‘ArduinoJson::V742HB42::JsonVariantConst ArduinoJson::V742HB42::JsonObjectConst::operator[](const TString&) const [with TString = char [4]; typename ArduinoJson::V742HB42::detail::enable_if<ArduinoJson::V742HB42::detail::IsString<TString>::value, int>::type <anonymous> = 0]’ at /workspace/scratch/c744abbbbd60/consolidation-runtime/lib/ArduinoJson/src/ArduinoJson/Object/JsonObjectConst.hpp:104:58:
/workspace/scratch/c744abbbbd60/consolidation-runtime/lib/ArduinoJson/src/ArduinoJson/Object/ObjectImpl.hpp:43:19: warning: ‘<anonymous>.ArduinoJson::V742HB42::detail::CollectionIterator::nextId_’ may be used uninitialized [-Wmaybe-uninitialized]
   43 |   return iterator();
      |                   ^
/workspace/scratch/c744abbbbd60/consolidation-runtime/lib/ArduinoJson/src/ArduinoJson/Object/ObjectImpl.hpp: In member function ‘ArduinoJson::V742HB42::JsonVariantConst ArduinoJson::V742HB42::JsonObjectConst::operator[](const TString&) const [with TString = char [4]; typename ArduinoJson::V742HB42::detail::enable_if<ArduinoJson::V742HB42::detail::IsString<TString>::value, int>::type <anonymous> = 0]’:
/workspace/scratch/c744abbbbd60/consolidation-runtime/lib/ArduinoJson/src/ArduinoJson/Object/ObjectImpl.hpp:43:10: note: ‘<anonymous>’ declared here
   43 |   return iterator();
      |          ^~~~~~~~~~
In member function ‘ArduinoJson::V742HB42::detail::CollectionData::iterator ArduinoJson::V742HB42::detail::ObjectData::findKey(TAdaptedString, const ArduinoJson::V742HB42::detail::ResourceManager*) const [with TAdaptedString = ArduinoJson::V742HB42::detail::RamString]’,
    inlined from ‘ArduinoJson::V742HB42::detail::VariantData* ArduinoJson::V742HB42::detail::ObjectData::getMember(TAdaptedString, const ArduinoJson::V742HB42::detail::ResourceManager*) const [with TAdaptedString = ArduinoJson::V742HB42::detail::RamString]’ at /workspace/scratch/c744abbbbd60/consolidation-runtime/lib/ArduinoJson/src/ArduinoJson/Object/ObjectImpl.hpp:16:20,
    inlined from ‘static ArduinoJson::V742HB42::detail::VariantData* ArduinoJson::V742HB42::detail::ObjectData::getMember(const ArduinoJson::V742HB42::detail::ObjectData*, TAdaptedString, const ArduinoJson::V742HB42::detail::ResourceManager*) [with TAdaptedString = ArduinoJson::V742HB42::detail::RamString]’ at /workspace/scratch/c744abbbbd60/consolidation-runtime/lib/ArduinoJson/src/ArduinoJson/Object/ObjectData.hpp:30:29,
    inlined from ‘ArduinoJson::V742HB42::JsonVariantConst ArduinoJson::V742HB42::JsonObjectConst::operator[](const TString&) const [with TString = char [11]; typename ArduinoJson::V742HB42::detail::enable_if<ArduinoJson::V742HB42::detail::IsString<TString>::value, int>::type <anonymous> = 0]’ at /workspace/scratch/c744abbbbd60/consolidation-runtime/lib/ArduinoJson/src/ArduinoJson/Object/JsonObjectConst.hpp:104:58:
/workspace/scratch/c744abbbbd60/consolidation-runtime/lib/ArduinoJson/src/ArduinoJson/Object/ObjectImpl.hpp:36:21: warning: ‘<anonymous>.ArduinoJson::V742HB42::detail::CollectionIterator::nextId_’ may be used uninitialized [-Wmaybe-uninitialized]
   36 |     return iterator();
      |                     ^
/workspace/scratch/c744abbbbd60/consolidation-runtime/lib/ArduinoJson/src/ArduinoJson/Object/ObjectImpl.hpp: In member function ‘ArduinoJson::V742HB42::JsonVariantConst ArduinoJson::V742HB42::JsonObjectConst::operator[](const TString&) const [with TString = char [11]; typename ArduinoJson::V742HB42::detail::enable_if<ArduinoJson::V742HB42::detail::IsString<TString>::value, int>::type <anonymous> = 0]’:
/workspace/scratch/c744abbbbd60/consolidation-runtime/lib/ArduinoJson/src/ArduinoJson/Object/ObjectImpl.hpp:36:12: note: ‘<anonymous>’ declared here
   36 |     return iterator();
      |            ^~~~~~~~~~
In member function ‘ArduinoJson::V742HB42::detail::CollectionData::iterator ArduinoJson::V742HB42::detail::ObjectData::findKey(TAdaptedString, const ArduinoJson::V742HB42::detail::ResourceManager*) const [with TAdaptedString = ArduinoJson::V742HB42::detail::RamString]’,
    inlined from ‘ArduinoJson::V742HB42::detail::VariantData* ArduinoJson::V742HB42::detail::ObjectData::getMember(TAdaptedString, const ArduinoJson::V742HB42::detail::ResourceManager*) const [with TAdaptedString = ArduinoJson::V742HB42::detail::RamString]’ at /workspace/scratch/c744abbbbd60/consolidation-runtime/lib/ArduinoJson/src/ArduinoJson/Object/ObjectImpl.hpp:16:20,
    inlined from ‘static ArduinoJson::V742HB42::detail::VariantData* ArduinoJson::V742HB42::detail::ObjectData::getMember(const ArduinoJson::V742HB42::detail::ObjectData*, TAdaptedString, const ArduinoJson::V742HB42::detail::ResourceManager*) [with TAdaptedString = ArduinoJson::V742HB42::detail::RamString]’ at /workspace/scratch/c744abbbbd60/consolidation-runtime/lib/ArduinoJson/src/ArduinoJson/Object/ObjectData.hpp:30:29,
    inlined from ‘ArduinoJson::V742HB42::JsonVariantConst ArduinoJson::V742HB42::JsonObjectConst::operator[](const TString&) const [with TString = char [11]; typename ArduinoJson::V742HB42::detail::enable_if<ArduinoJson::V742HB42::detail::IsString<TString>::value, int>::type <anonymous> = 0]’ at /workspace/scratch/c744abbbbd60/consolidation-runtime/lib/ArduinoJson/src/ArduinoJson/Object/JsonObjectConst.hpp:104:58:
/workspace/scratch/c744abbbbd60/consolidation-runtime/lib/ArduinoJson/src/ArduinoJson/Object/ObjectImpl.hpp:43:19: warning: ‘<anonymous>.ArduinoJson::V742HB42::detail::CollectionIterator::nextId_’ may be used uninitialized [-Wmaybe-uninitialized]
   43 |   return iterator();
      |                   ^
/workspace/scratch/c744abbbbd60/consolidation-runtime/lib/ArduinoJson/src/ArduinoJson/Object/ObjectImpl.hpp: In member function ‘ArduinoJson::V742HB42::JsonVariantConst ArduinoJson::V742HB42::JsonObjectConst::operator[](const TString&) const [with TString = char [11]; typename ArduinoJson::V742HB42::detail::enable_if<ArduinoJson::V742HB42::detail::IsString<TString>::value, int>::type <anonymous> = 0]’:
/workspace/scratch/c744abbbbd60/consolidation-runtime/lib/ArduinoJson/src/ArduinoJson/Object/ObjectImpl.hpp:43:10: note: ‘<anonymous>’ declared here
   43 |   return iterator();
      |          ^~~~~~~~~~
In member function ‘ArduinoJson::V742HB42::detail::CollectionData::iterator ArduinoJson::V742HB42::detail::ObjectData::findKey(TAdaptedString, const ArduinoJson::V742HB42::detail::ResourceManager*) const [with TAdaptedString = ArduinoJson::V742HB42::detail::RamString]’,
    inlined from ‘ArduinoJson::V742HB42::detail::VariantData* ArduinoJson::V742HB42::detail::ObjectData::getMember(TAdaptedString, const ArduinoJson::V742HB42::detail::ResourceManager*) const [with TAdaptedString = ArduinoJson::V742HB42::detail::RamString]’ at /workspace/scratch/c744abbbbd60/consolidation-runtime/lib/ArduinoJson/src/ArduinoJson/Object/ObjectImpl.hpp:16:20,
    inlined from ‘static ArduinoJson::V742HB42::detail::VariantData* ArduinoJson::V742HB42::detail::ObjectData::getMember(const ArduinoJson::V742HB42::detail::ObjectData*, TAdaptedString, const ArduinoJson::V742HB42::detail::ResourceManager*) [with TAdaptedString = ArduinoJson::V742HB42::detail::RamString]’ at /workspace/scratch/c744abbbbd60/consolidation-runtime/lib/ArduinoJson/src/ArduinoJson/Object/ObjectData.hpp:30:29,
    inlined from ‘ArduinoJson::V742HB42::detail::VariantData* ArduinoJson::V742HB42::detail::VariantData::getMember(TAdaptedString, const ArduinoJson::V742HB42::detail::ResourceManager*) const [with TAdaptedString = ArduinoJson::V742HB42::detail::RamString]’ at /workspace/scratch/c744abbbbd60/consolidation-runtime/lib/ArduinoJson/src/ArduinoJson/Variant/VariantData.hpp:332:33,
    inlined from ‘static ArduinoJson::V742HB42::detail::VariantData* ArduinoJson::V742HB42::detail::VariantData::getMember(const ArduinoJson::V742HB42::detail::VariantData*, TAdaptedString, const ArduinoJson::V742HB42::detail::ResourceManager*) [with TAdaptedString = ArduinoJson::V742HB42::detail::RamString]’ at /workspace/scratch/c744abbbbd60/consolidation-runtime/lib/ArduinoJson/src/ArduinoJson/Variant/VariantData.hpp:340:26,
    inlined from ‘ArduinoJson::V742HB42::detail::VariantData* ArduinoJson::V742HB42::detail::MemberProxy< <template-parameter-1-1>, <template-parameter-1-2> >::getData() const [with TUpstream = ArduinoJson::V742HB42::JsonDocument&; AdaptedString = ArduinoJson::V742HB42::detail::RamString]’ at /workspace/scratch/c744abbbbd60/consolidation-runtime/lib/ArduinoJson/src/ArduinoJson/Object/MemberProxy.hpp:59:34:
/workspace/scratch/c744abbbbd60/consolidation-runtime/lib/ArduinoJson/src/ArduinoJson/Object/ObjectImpl.hpp:36:21: warning: ‘<anonymous>.ArduinoJson::V742HB42::detail::CollectionIterator::nextId_’ may be used uninitialized [-Wmaybe-uninitialized]
   36 |     return iterator();
      |                     ^
/workspace/scratch/c744abbbbd60/consolidation-runtime/lib/ArduinoJson/src/ArduinoJson/Object/ObjectImpl.hpp: In member function ‘ArduinoJson::V742HB42::detail::VariantData* ArduinoJson::V742HB42::detail::MemberProxy< <template-parameter-1-1>, <template-parameter-1-2> >::getData() const [with TUpstream = ArduinoJson::V742HB42::JsonDocument&; AdaptedString = ArduinoJson::V742HB42::detail::RamString]’:
/workspace/scratch/c744abbbbd60/consolidation-runtime/lib/ArduinoJson/src/ArduinoJson/Object/ObjectImpl.hpp:36:12: note: ‘<anonymous>’ declared here
   36 |     return iterator();
      |            ^~~~~~~~~~
In member function ‘ArduinoJson::V742HB42::detail::CollectionData::iterator ArduinoJson::V742HB42::detail::ObjectData::findKey(TAdaptedString, const ArduinoJson::V742HB42::detail::ResourceManager*) const [with TAdaptedString = ArduinoJson::V742HB42::detail::RamString]’,
    inlined from ‘ArduinoJson::V742HB42::detail::VariantData* ArduinoJson::V742HB42::detail::ObjectData::getMember(TAdaptedString, const ArduinoJson::V742HB42::detail::ResourceManager*) const [with TAdaptedString = ArduinoJson::V742HB42::detail::RamString]’ at /workspace/scratch/c744abbbbd60/consolidation-runtime/lib/ArduinoJson/src/ArduinoJson/Object/ObjectImpl.hpp:16:20,
    inlined from ‘static ArduinoJson::V742HB42::detail::VariantData* ArduinoJson::V742HB42::detail::ObjectData::getMember(const ArduinoJson::V742HB42::detail::ObjectData*, TAdaptedString, const ArduinoJson::V742HB42::detail::ResourceManager*) [with TAdaptedString = ArduinoJson::V742HB42::detail::RamString]’ at /workspace/scratch/c744abbbbd60/consolidation-runtime/lib/ArduinoJson/src/ArduinoJson/Object/ObjectData.hpp:30:29,
    inlined from ‘ArduinoJson::V742HB42::detail::VariantData* ArduinoJson::V742HB42::detail::VariantData::getMember(TAdaptedString, const ArduinoJson::V742HB42::detail::ResourceManager*) const [with TAdaptedString = ArduinoJson::V742HB42::detail::RamString]’ at /workspace/scratch/c744abbbbd60/consolidation-runtime/lib/ArduinoJson/src/ArduinoJson/Variant/VariantData.hpp:332:33,
    inlined from ‘static ArduinoJson::V742HB42::detail::VariantData* ArduinoJson::V742HB42::detail::VariantData::getMember(const ArduinoJson::V742HB42::detail::VariantData*, TAdaptedString, const ArduinoJson::V742HB42::detail::ResourceManager*) [with TAdaptedString = ArduinoJson::V742HB42::detail::RamString]’ at /workspace/scratch/c744abbbbd60/consolidation-runtime/lib/ArduinoJson/src/ArduinoJson/Variant/VariantData.hpp:340:26,
    inlined from ‘ArduinoJson::V742HB42::detail::VariantData* ArduinoJson::V742HB42::detail::MemberProxy< <template-parameter-1-1>, <template-parameter-1-2> >::getData() const [with TUpstream = ArduinoJson::V742HB42::JsonDocument&; AdaptedString = ArduinoJson::V742HB42::detail::RamString]’ at /workspace/scratch/c744abbbbd60/consolidation-runtime/lib/ArduinoJson/src/ArduinoJson/Object/MemberProxy.hpp:59:34:
/workspace/scratch/c744abbbbd60/consolidation-runtime/lib/ArduinoJson/src/ArduinoJson/Object/ObjectImpl.hpp:43:19: warning: ‘<anonymous>.ArduinoJson::V742HB42::detail::CollectionIterator::nextId_’ may be used uninitialized [-Wmaybe-uninitialized]
   43 |   return iterator();
      |                   ^
/workspace/scratch/c744abbbbd60/consolidation-runtime/lib/ArduinoJson/src/ArduinoJson/Object/ObjectImpl.hpp: In member function ‘ArduinoJson::V742HB42::detail::VariantData* ArduinoJson::V742HB42::detail::MemberProxy< <template-parameter-1-1>, <template-parameter-1-2> >::getData() const [with TUpstream = ArduinoJson::V742HB42::JsonDocument&; AdaptedString = ArduinoJson::V742HB42::detail::RamString]’:
/workspace/scratch/c744abbbbd60/consolidation-runtime/lib/ArduinoJson/src/ArduinoJson/Object/ObjectImpl.hpp:43:10: note: ‘<anonymous>’ declared here
   43 |   return iterator();
      |          ^~~~~~~~~~
In member function ‘ArduinoJson::V742HB42::detail::CollectionData::iterator ArduinoJson::V742HB42::detail::ObjectData::findKey(TAdaptedString, const ArduinoJson::V742HB42::detail::ResourceManager*) const [with TAdaptedString = ArduinoJson::V742HB42::detail::RamString]’,
    inlined from ‘ArduinoJson::V742HB42::detail::VariantData* ArduinoJson::V742HB42::detail::ObjectData::getMember(TAdaptedString, const ArduinoJson::V742HB42::detail::ResourceManager*) const [with TAdaptedString = ArduinoJson::V742HB42::detail::RamString]’ at /workspace/scratch/c744abbbbd60/consolidation-runtime/lib/ArduinoJson/src/ArduinoJson/Object/ObjectImpl.hpp:16:20,
    inlined from ‘ArduinoJson::V742HB42::DeserializationError::Code ArduinoJson::V742HB42::detail::JsonDeserializer<TReader>::parseObject(ArduinoJson::V742HB42::detail::ObjectData&, TFilter, ArduinoJson::V742HB42::DeserializationOption::NestingLimit) [with TFilter = ArduinoJson::V742HB42::detail::AllowAllFilter; TReader = ArduinoJson::V742HB42::detail::Reader<const std::__cxx11::basic_string<char>, void>]’ at /workspace/scratch/c744abbbbd60/consolidation-runtime/lib/ArduinoJson/src/ArduinoJson/Json/JsonDeserializer.hpp:276:39:
/workspace/scratch/c744abbbbd60/consolidation-runtime/lib/ArduinoJson/src/ArduinoJson/Object/ObjectImpl.hpp:36:21: warning: ‘<anonymous>.ArduinoJson::V742HB42::detail::CollectionIterator::nextId_’ may be used uninitialized [-Wmaybe-uninitialized]
   36 |     return iterator();
      |                     ^
/workspace/scratch/c744abbbbd60/consolidation-runtime/lib/ArduinoJson/src/ArduinoJson/Object/ObjectImpl.hpp: In member function ‘ArduinoJson::V742HB42::DeserializationError::Code ArduinoJson::V742HB42::detail::JsonDeserializer<TReader>::parseObject(ArduinoJson::V742HB42::detail::ObjectData&, TFilter, ArduinoJson::V742HB42::DeserializationOption::NestingLimit) [with TFilter = ArduinoJson::V742HB42::detail::AllowAllFilter; TReader = ArduinoJson::V742HB42::detail::Reader<const std::__cxx11::basic_string<char>, void>]’:
/workspace/scratch/c744abbbbd60/consolidation-runtime/lib/ArduinoJson/src/ArduinoJson/Object/ObjectImpl.hpp:36:12: note: ‘<anonymous>’ declared here
   36 |     return iterator();
      |            ^~~~~~~~~~
In member function ‘ArduinoJson::V742HB42::detail::CollectionData::iterator ArduinoJson::V742HB42::detail::ObjectData::findKey(TAdaptedString, const ArduinoJson::V742HB42::detail::ResourceManager*) const [with TAdaptedString = ArduinoJson::V742HB42::detail::RamString]’,
    inlined from ‘ArduinoJson::V742HB42::detail::VariantData* ArduinoJson::V742HB42::detail::ObjectData::getMember(TAdaptedString, const ArduinoJson::V742HB42::detail::ResourceManager*) const [with TAdaptedString = ArduinoJson::V742HB42::detail::RamString]’ at /workspace/scratch/c744abbbbd60/consolidation-runtime/lib/ArduinoJson/src/ArduinoJson/Object/ObjectImpl.hpp:16:20,
    inlined from ‘ArduinoJson::V742HB42::DeserializationError::Code ArduinoJson::V742HB42::detail::JsonDeserializer<TReader>::parseObject(ArduinoJson::V742HB42::detail::ObjectData&, TFilter, ArduinoJson::V742HB42::DeserializationOption::NestingLimit) [with TFilter = ArduinoJson::V742HB42::detail::AllowAllFilter; TReader = ArduinoJson::V742HB42::detail::Reader<const std::__cxx11::basic_string<char>, void>]’ at /workspace/scratch/c744abbbbd60/consolidation-runtime/lib/ArduinoJson/src/ArduinoJson/Json/JsonDeserializer.hpp:276:39:
/workspace/scratch/c744abbbbd60/consolidation-runtime/lib/ArduinoJson/src/ArduinoJson/Object/ObjectImpl.hpp:43:19: warning: ‘<anonymous>.ArduinoJson::V742HB42::detail::CollectionIterator::nextId_’ may be used uninitialized [-Wmaybe-uninitialized]
   43 |   return iterator();
      |                   ^
/workspace/scratch/c744abbbbd60/consolidation-runtime/lib/ArduinoJson/src/ArduinoJson/Object/ObjectImpl.hpp: In member function ‘ArduinoJson::V742HB42::DeserializationError::Code ArduinoJson::V742HB42::detail::JsonDeserializer<TReader>::parseObject(ArduinoJson::V742HB42::detail::ObjectData&, TFilter, ArduinoJson::V742HB42::DeserializationOption::NestingLimit) [with TFilter = ArduinoJson::V742HB42::detail::AllowAllFilter; TReader = ArduinoJson::V742HB42::detail::Reader<const std::__cxx11::basic_string<char>, void>]’:
/workspace/scratch/c744abbbbd60/consolidation-runtime/lib/ArduinoJson/src/ArduinoJson/Object/ObjectImpl.hpp:43:10: note: ‘<anonymous>’ declared here
   43 |   return iterator();
      |          ^~~~~~~~~~
In file included from /workspace/scratch/c744abbbbd60/consolidation-runtime/lib/ArduinoJson/src/ArduinoJson.hpp:50,
                 from /workspace/scratch/c744abbbbd60/consolidation-runtime/lib/ArduinoJson/src/ArduinoJson.h:9,
                 from src/runtime/drivers/BootstrapModuleStore.cpp:8:
In member function ‘ArduinoJson::V742HB42::detail::CollectionData::iterator ArduinoJson::V742HB42::detail::ObjectData::findKey(TAdaptedString, const ArduinoJson::V742HB42::detail::ResourceManager*) const [with TAdaptedString = ArduinoJson::V742HB42::detail::RamString]’,
    inlined from ‘ArduinoJson::V742HB42::detail::VariantData* ArduinoJson::V742HB42::detail::ObjectData::getMember(TAdaptedString, const ArduinoJson::V742HB42::detail::ResourceManager*) const [with TAdaptedString = ArduinoJson::V742HB42::detail::RamString]’ at /workspace/scratch/c744abbbbd60/consolidation-runtime/lib/ArduinoJson/src/ArduinoJson/Object/ObjectImpl.hpp:16:20:
/workspace/scratch/c744abbbbd60/consolidation-runtime/lib/ArduinoJson/src/ArduinoJson/Object/ObjectImpl.hpp:36:21: warning: ‘<anonymous>.ArduinoJson::V742HB42::detail::CollectionIterator::nextId_’ may be used uninitialized [-Wmaybe-uninitialized]
   36 |     return iterator();
      |                     ^
/workspace/scratch/c744abbbbd60/consolidation-runtime/lib/ArduinoJson/src/ArduinoJson/Object/ObjectImpl.hpp: In member function ‘ArduinoJson::V742HB42::detail::VariantData* ArduinoJson::V742HB42::detail::ObjectData::getMember(TAdaptedString, const ArduinoJson::V742HB42::detail::ResourceManager*) const [with TAdaptedString = ArduinoJson::V742HB42::detail::RamString]’:
/workspace/scratch/c744abbbbd60/consolidation-runtime/lib/ArduinoJson/src/ArduinoJson/Object/ObjectImpl.hpp:36:12: note: ‘<anonymous>’ declared here
   36 |     return iterator();
      |            ^~~~~~~~~~
In member function ‘ArduinoJson::V742HB42::detail::CollectionData::iterator ArduinoJson::V742HB42::detail::ObjectData::findKey(TAdaptedString, const ArduinoJson::V742HB42::detail::ResourceManager*) const [with TAdaptedString = ArduinoJson::V742HB42::detail::RamString]’,
    inlined from ‘ArduinoJson::V742HB42::detail::VariantData* ArduinoJson::V742HB42::detail::ObjectData::getMember(TAdaptedString, const ArduinoJson::V742HB42::detail::ResourceManager*) const [with TAdaptedString = ArduinoJson::V742HB42::detail::RamString]’ at /workspace/scratch/c744abbbbd60/consolidation-runtime/lib/ArduinoJson/src/ArduinoJson/Object/ObjectImpl.hpp:16:20:
/workspace/scratch/c744abbbbd60/consolidation-runtime/lib/ArduinoJson/src/ArduinoJson/Object/ObjectImpl.hpp:43:19: warning: ‘<anonymous>.ArduinoJson::V742HB42::detail::CollectionIterator::nextId_’ may be used uninitialized [-Wmaybe-uninitialized]
   43 |   return iterator();
      |                   ^
/workspace/scratch/c744abbbbd60/consolidation-runtime/lib/ArduinoJson/src/ArduinoJson/Object/ObjectImpl.hpp: In member function ‘ArduinoJson::V742HB42::detail::VariantData* ArduinoJson::V742HB42::detail::ObjectData::getMember(TAdaptedString, const ArduinoJson::V742HB42::detail::ResourceManager*) const [with TAdaptedString = ArduinoJson::V742HB42::detail::RamString]’:
/workspace/scratch/c744abbbbd60/consolidation-runtime/lib/ArduinoJson/src/ArduinoJson/Object/ObjectImpl.hpp:43:10: note: ‘<anonymous>’ declared here
   43 |   return iterator();
      |          ^~~~~~~~~~
In member function ‘ArduinoJson::V742HB42::detail::CollectionData::iterator ArduinoJson::V742HB42::detail::ObjectData::findKey(TAdaptedString, const ArduinoJson::V742HB42::detail::ResourceManager*) const [with TAdaptedString = ArduinoJson::V742HB42::detail::RamString]’,
    inlined from ‘ArduinoJson::V742HB42::detail::VariantData* ArduinoJson::V742HB42::detail::ObjectData::getMember(TAdaptedString, const ArduinoJson::V742HB42::detail::ResourceManager*) const [with TAdaptedString = ArduinoJson::V742HB42::detail::RamString]’ at /workspace/scratch/c744abbbbd60/consolidation-runtime/lib/ArduinoJson/src/ArduinoJson/Object/ObjectImpl.hpp:16:20,
    inlined from ‘static ArduinoJson::V742HB42::detail::VariantData* ArduinoJson::V742HB42::detail::ObjectData::getMember(const ArduinoJson::V742HB42::detail::ObjectData*, TAdaptedString, const ArduinoJson::V742HB42::detail::ResourceManager*) [with TAdaptedString = ArduinoJson::V742HB42::detail::RamString]’ at /workspace/scratch/c744abbbbd60/consolidation-runtime/lib/ArduinoJson/src/ArduinoJson/Object/ObjectData.hpp:30:29,
    inlined from ‘ArduinoJson::V742HB42::detail::VariantData* ArduinoJson::V742HB42::detail::VariantData::getMember(TAdaptedString, const ArduinoJson::V742HB42::detail::ResourceManager*) const [with TAdaptedString = ArduinoJson::V742HB42::detail::RamString]’ at /workspace/scratch/c744abbbbd60/consolidation-runtime/lib/ArduinoJson/src/ArduinoJson/Variant/VariantData.hpp:332:33,
    inlined from ‘static ArduinoJson::V742HB42::detail::VariantData* ArduinoJson::V742HB42::detail::VariantData::getMember(const ArduinoJson::V742HB42::detail::VariantData*, TAdaptedString, const ArduinoJson::V742HB42::detail::ResourceManager*) [with TAdaptedString = ArduinoJson::V742HB42::detail::RamString]’ at /workspace/scratch/c744abbbbd60/consolidation-runtime/lib/ArduinoJson/src/ArduinoJson/Variant/VariantData.hpp:340:26,
    inlined from ‘ArduinoJson::V742HB42::detail::VariantData* ArduinoJson::V742HB42::detail::MemberProxy< <template-parameter-1-1>, <template-parameter-1-2> >::getData() const [with TUpstream = ArduinoJson::V742HB42::JsonDocument&; AdaptedString = ArduinoJson::V742HB42::detail::RamString]’ at /workspace/scratch/c744abbbbd60/consolidation-runtime/lib/ArduinoJson/src/ArduinoJson/Object/MemberProxy.hpp:59:34:
/workspace/scratch/c744abbbbd60/consolidation-runtime/lib/ArduinoJson/src/ArduinoJson/Object/ObjectImpl.hpp:36:21: warning: ‘<anonymous>.ArduinoJson::V742HB42::detail::CollectionIterator::nextId_’ may be used uninitialized [-Wmaybe-uninitialized]
   36 |     return iterator();
      |                     ^
/workspace/scratch/c744abbbbd60/consolidation-runtime/lib/ArduinoJson/src/ArduinoJson/Object/ObjectImpl.hpp: In member function ‘ArduinoJson::V742HB42::detail::VariantData* ArduinoJson::V742HB42::detail::MemberProxy< <template-parameter-1-1>, <template-parameter-1-2> >::getData() const [with TUpstream = ArduinoJson::V742HB42::JsonDocument&; AdaptedString = ArduinoJson::V742HB42::detail::RamString]’:
/workspace/scratch/c744abbbbd60/consolidation-runtime/lib/ArduinoJson/src/ArduinoJson/Object/ObjectImpl.hpp:36:12: note: ‘<anonymous>’ declared here
   36 |     return iterator();
      |            ^~~~~~~~~~
In member function ‘ArduinoJson::V742HB42::detail::CollectionData::iterator ArduinoJson::V742HB42::detail::ObjectData::findKey(TAdaptedString, const ArduinoJson::V742HB42::detail::ResourceManager*) const [with TAdaptedString = ArduinoJson::V742HB42::detail::RamString]’,
    inlined from ‘ArduinoJson::V742HB42::detail::VariantData* ArduinoJson::V742HB42::detail::ObjectData::getMember(TAdaptedString, const ArduinoJson::V742HB42::detail::ResourceManager*) const [with TAdaptedString = ArduinoJson::V742HB42::detail::RamString]’ at /workspace/scratch/c744abbbbd60/consolidation-runtime/lib/ArduinoJson/src/ArduinoJson/Object/ObjectImpl.hpp:16:20,
    inlined from ‘static ArduinoJson::V742HB42::detail::VariantData* ArduinoJson::V742HB42::detail::ObjectData::getMember(const ArduinoJson::V742HB42::detail::ObjectData*, TAdaptedString, const ArduinoJson::V742HB42::detail::ResourceManager*) [with TAdaptedString = ArduinoJson::V742HB42::detail::RamString]’ at /workspace/scratch/c744abbbbd60/consolidation-runtime/lib/ArduinoJson/src/ArduinoJson/Object/ObjectData.hpp:30:29,
    inlined from ‘ArduinoJson::V742HB42::detail::VariantData* ArduinoJson::V742HB42::detail::VariantData::getMember(TAdaptedString, const ArduinoJson::V742HB42::detail::ResourceManager*) const [with TAdaptedString = ArduinoJson::V742HB42::detail::RamString]’ at /workspace/scratch/c744abbbbd60/consolidation-runtime/lib/ArduinoJson/src/ArduinoJson/Variant/VariantData.hpp:332:33,
    inlined from ‘static ArduinoJson::V742HB42::detail::VariantData* ArduinoJson::V742HB42::detail::VariantData::getMember(const ArduinoJson::V742HB42::detail::VariantData*, TAdaptedString, const ArduinoJson::V742HB42::detail::ResourceManager*) [with TAdaptedString = ArduinoJson::V742HB42::detail::RamString]’ at /workspace/scratch/c744abbbbd60/consolidation-runtime/lib/ArduinoJson/src/ArduinoJson/Variant/VariantData.hpp:340:26,
    inlined from ‘ArduinoJson::V742HB42::detail::VariantData* ArduinoJson::V742HB42::detail::MemberProxy< <template-parameter-1-1>, <template-parameter-1-2> >::getData() const [with TUpstream = ArduinoJson::V742HB42::JsonDocument&; AdaptedString = ArduinoJson::V742HB42::detail::RamString]’ at /workspace/scratch/c744abbbbd60/consolidation-runtime/lib/ArduinoJson/src/ArduinoJson/Object/MemberProxy.hpp:59:34:
/workspace/scratch/c744abbbbd60/consolidation-runtime/lib/ArduinoJson/src/ArduinoJson/Object/ObjectImpl.hpp:43:19: warning: ‘<anonymous>.ArduinoJson::V742HB42::detail::CollectionIterator::nextId_’ may be used uninitialized [-Wmaybe-uninitialized]
   43 |   return iterator();
      |                   ^
/workspace/scratch/c744abbbbd60/consolidation-runtime/lib/ArduinoJson/src/ArduinoJson/Object/ObjectImpl.hpp: In member function ‘ArduinoJson::V742HB42::detail::VariantData* ArduinoJson::V742HB42::detail::MemberProxy< <template-parameter-1-1>, <template-parameter-1-2> >::getData() const [with TUpstream = ArduinoJson::V742HB42::JsonDocument&; AdaptedString = ArduinoJson::V742HB42::detail::RamString]’:
/workspace/scratch/c744abbbbd60/consolidation-runtime/lib/ArduinoJson/src/ArduinoJson/Object/ObjectImpl.hpp:43:10: note: ‘<anonymous>’ declared here
   43 |   return iterator();
      |          ^~~~~~~~~~
In member function ‘ArduinoJson::V742HB42::detail::CollectionData::iterator ArduinoJson::V742HB42::detail::ObjectData::findKey(TAdaptedString, const ArduinoJson::V742HB42::detail::ResourceManager*) const [with TAdaptedString = ArduinoJson::V742HB42::detail::RamString]’,
    inlined from ‘ArduinoJson::V742HB42::detail::VariantData* ArduinoJson::V742HB42::detail::ObjectData::getMember(TAdaptedString, const ArduinoJson::V742HB42::detail::ResourceManager*) const [with TAdaptedString = ArduinoJson::V742HB42::detail::RamString]’ at /workspace/scratch/c744abbbbd60/consolidation-runtime/lib/ArduinoJson/src/ArduinoJson/Object/ObjectImpl.hpp:16:20,
    inlined from ‘ArduinoJson::V742HB42::DeserializationError::Code ArduinoJson::V742HB42::detail::JsonDeserializer<TReader>::parseObject(ArduinoJson::V742HB42::detail::ObjectData&, TFilter, ArduinoJson::V742HB42::DeserializationOption::NestingLimit) [with TFilter = ArduinoJson::V742HB42::detail::AllowAllFilter; TReader = ArduinoJson::V742HB42::detail::BoundedReader<unsigned char*, void>]’ at /workspace/scratch/c744abbbbd60/consolidation-runtime/lib/ArduinoJson/src/ArduinoJson/Json/JsonDeserializer.hpp:276:39:
/workspace/scratch/c744abbbbd60/consolidation-runtime/lib/ArduinoJson/src/ArduinoJson/Object/ObjectImpl.hpp:36:21: warning: ‘<anonymous>.ArduinoJson::V742HB42::detail::CollectionIterator::nextId_’ may be used uninitialized [-Wmaybe-uninitialized]
   36 |     return iterator();
      |                     ^
/workspace/scratch/c744abbbbd60/consolidation-runtime/lib/ArduinoJson/src/ArduinoJson/Object/ObjectImpl.hpp: In member function ‘ArduinoJson::V742HB42::DeserializationError::Code ArduinoJson::V742HB42::detail::JsonDeserializer<TReader>::parseObject(ArduinoJson::V742HB42::detail::ObjectData&, TFilter, ArduinoJson::V742HB42::DeserializationOption::NestingLimit) [with TFilter = ArduinoJson::V742HB42::detail::AllowAllFilter; TReader = ArduinoJson::V742HB42::detail::BoundedReader<unsigned char*, void>]’:
/workspace/scratch/c744abbbbd60/consolidation-runtime/lib/ArduinoJson/src/ArduinoJson/Object/ObjectImpl.hpp:36:12: note: ‘<anonymous>’ declared here
   36 |     return iterator();
      |            ^~~~~~~~~~
In member function ‘ArduinoJson::V742HB42::detail::CollectionData::iterator ArduinoJson::V742HB42::detail::ObjectData::findKey(TAdaptedString, const ArduinoJson::V742HB42::detail::ResourceManager*) const [with TAdaptedString = ArduinoJson::V742HB42::detail::RamString]’,
    inlined from ‘ArduinoJson::V742HB42::detail::VariantData* ArduinoJson::V742HB42::detail::ObjectData::getMember(TAdaptedString, const ArduinoJson::V742HB42::detail::ResourceManager*) const [with TAdaptedString = ArduinoJson::V742HB42::detail::RamString]’ at /workspace/scratch/c744abbbbd60/consolidation-runtime/lib/ArduinoJson/src/ArduinoJson/Object/ObjectImpl.hpp:16:20,
    inlined from ‘ArduinoJson::V742HB42::DeserializationError::Code ArduinoJson::V742HB42::detail::JsonDeserializer<TReader>::parseObject(ArduinoJson::V742HB42::detail::ObjectData&, TFilter, ArduinoJson::V742HB42::DeserializationOption::NestingLimit) [with TFilter = ArduinoJson::V742HB42::detail::AllowAllFilter; TReader = ArduinoJson::V742HB42::detail::BoundedReader<unsigned char*, void>]’ at /workspace/scratch/c744abbbbd60/consolidation-runtime/lib/ArduinoJson/src/ArduinoJson/Json/JsonDeserializer.hpp:276:39:
/workspace/scratch/c744abbbbd60/consolidation-runtime/lib/ArduinoJson/src/ArduinoJson/Object/ObjectImpl.hpp:43:19: warning: ‘<anonymous>.ArduinoJson::V742HB42::detail::CollectionIterator::nextId_’ may be used uninitialized [-Wmaybe-uninitialized]
   43 |   return iterator();
      |                   ^
/workspace/scratch/c744abbbbd60/consolidation-runtime/lib/ArduinoJson/src/ArduinoJson/Object/ObjectImpl.hpp: In member function ‘ArduinoJson::V742HB42::DeserializationError::Code ArduinoJson::V742HB42::detail::JsonDeserializer<TReader>::parseObject(ArduinoJson::V742HB42::detail::ObjectData&, TFilter, ArduinoJson::V742HB42::DeserializationOption::NestingLimit) [with TFilter = ArduinoJson::V742HB42::detail::AllowAllFilter; TReader = ArduinoJson::V742HB42::detail::BoundedReader<unsigned char*, void>]’:
/workspace/scratch/c744abbbbd60/consolidation-runtime/lib/ArduinoJson/src/ArduinoJson/Object/ObjectImpl.hpp:43:10: note: ‘<anonymous>’ declared here
   43 |   return iterator();
      |          ^~~~~~~~~~
In member function ‘ArduinoJson::V742HB42::detail::CollectionData::iterator ArduinoJson::V742HB42::detail::ObjectData::findKey(TAdaptedString, const ArduinoJson::V742HB42::detail::ResourceManager*) const [with TAdaptedString = ArduinoJson::V742HB42::detail::RamString]’,
    inlined from ‘ArduinoJson::V742HB42::detail::VariantData* ArduinoJson::V742HB42::detail::ObjectData::getMember(TAdaptedString, const ArduinoJson::V742HB42::detail::ResourceManager*) const [with TAdaptedString = ArduinoJson::V742HB42::detail::RamString]’ at /workspace/scratch/c744abbbbd60/consolidation-runtime/lib/ArduinoJson/src/ArduinoJson/Object/ObjectImpl.hpp:16:20,
    inlined from ‘static ArduinoJson::V742HB42::detail::VariantData* ArduinoJson::V742HB42::detail::ObjectData::getMember(const ArduinoJson::V742HB42::detail::ObjectData*, TAdaptedString, const ArduinoJson::V742HB42::detail::ResourceManager*) [with TAdaptedString = ArduinoJson::V742HB42::detail::RamString]’ at /workspace/scratch/c744abbbbd60/consolidation-runtime/lib/ArduinoJson/src/ArduinoJson/Object/ObjectData.hpp:30:29,
    inlined from ‘ArduinoJson::V742HB42::detail::VariantData* ArduinoJson::V742HB42::detail::VariantData::getMember(TAdaptedString, const ArduinoJson::V742HB42::detail::ResourceManager*) const [with TAdaptedString = ArduinoJson::V742HB42::detail::RamString]’ at /workspace/scratch/c744abbbbd60/consolidation-runtime/lib/ArduinoJson/src/ArduinoJson/Variant/VariantData.hpp:332:33,
    inlined from ‘static ArduinoJson::V742HB42::detail::VariantData* ArduinoJson::V742HB42::detail::VariantData::getMember(const ArduinoJson::V742HB42::detail::VariantData*, TAdaptedString, const ArduinoJson::V742HB42::detail::ResourceManager*) [with TAdaptedString = ArduinoJson::V742HB42::detail::RamString]’ at /workspace/scratch/c744abbbbd60/consolidation-runtime/lib/ArduinoJson/src/ArduinoJson/Variant/VariantData.hpp:340:26,
    inlined from ‘ArduinoJson::V742HB42::detail::VariantData* ArduinoJson::V742HB42::detail::MemberProxy< <template-parameter-1-1>, <template-parameter-1-2> >::getData() const [with TUpstream = ArduinoJson::V742HB42::detail::ElementProxy<ArduinoJson::V742HB42::detail::MemberProxy<ArduinoJson::V742HB42::JsonDocument&, ArduinoJson::V742HB42::detail::RamString> >; AdaptedString = ArduinoJson::V742HB42::detail::RamString]’ at /workspace/scratch/c744abbbbd60/consolidation-runtime/lib/ArduinoJson/src/ArduinoJson/Object/MemberProxy.hpp:59:34:
/workspace/scratch/c744abbbbd60/consolidation-runtime/lib/ArduinoJson/src/ArduinoJson/Object/ObjectImpl.hpp:36:21: warning: ‘<anonymous>.ArduinoJson::V742HB42::detail::CollectionIterator::nextId_’ may be used uninitialized [-Wmaybe-uninitialized]
   36 |     return iterator();
      |                     ^
/workspace/scratch/c744abbbbd60/consolidation-runtime/lib/ArduinoJson/src/ArduinoJson/Object/ObjectImpl.hpp: In member function ‘ArduinoJson::V742HB42::detail::VariantData* ArduinoJson::V742HB42::detail::MemberProxy< <template-parameter-1-1>, <template-parameter-1-2> >::getData() const [with TUpstream = ArduinoJson::V742HB42::detail::ElementProxy<ArduinoJson::V742HB42::detail::MemberProxy<ArduinoJson::V742HB42::JsonDocument&, ArduinoJson::V742HB42::detail::RamString> >; AdaptedString = ArduinoJson::V742HB42::detail::RamString]’:
/workspace/scratch/c744abbbbd60/consolidation-runtime/lib/ArduinoJson/src/ArduinoJson/Object/ObjectImpl.hpp:36:12: note: ‘<anonymous>’ declared here
   36 |     return iterator();
      |            ^~~~~~~~~~
In member function ‘ArduinoJson::V742HB42::detail::CollectionData::iterator ArduinoJson::V742HB42::detail::ObjectData::findKey(TAdaptedString, const ArduinoJson::V742HB42::detail::ResourceManager*) const [with TAdaptedString = ArduinoJson::V742HB42::detail::RamString]’,
    inlined from ‘ArduinoJson::V742HB42::detail::VariantData* ArduinoJson::V742HB42::detail::ObjectData::getMember(TAdaptedString, const ArduinoJson::V742HB42::detail::ResourceManager*) const [with TAdaptedString = ArduinoJson::V742HB42::detail::RamString]’ at /workspace/scratch/c744abbbbd60/consolidation-runtime/lib/ArduinoJson/src/ArduinoJson/Object/ObjectImpl.hpp:16:20,
    inlined from ‘static ArduinoJson::V742HB42::detail::VariantData* ArduinoJson::V742HB42::detail::ObjectData::getMember(const ArduinoJson::V742HB42::detail::ObjectData*, TAdaptedString, const ArduinoJson::V742HB42::detail::ResourceManager*) [with TAdaptedString = ArduinoJson::V742HB42::detail::RamString]’ at /workspace/scratch/c744abbbbd60/consolidation-runtime/lib/ArduinoJson/src/ArduinoJson/Object/ObjectData.hpp:30:29,
    inlined from ‘ArduinoJson::V742HB42::detail::VariantData* ArduinoJson::V742HB42::detail::VariantData::getMember(TAdaptedString, const ArduinoJson::V742HB42::detail::ResourceManager*) const [with TAdaptedString = ArduinoJson::V742HB42::detail::RamString]’ at /workspace/scratch/c744abbbbd60/consolidation-runtime/lib/ArduinoJson/src/ArduinoJson/Variant/VariantData.hpp:332:33,
    inlined from ‘static ArduinoJson::V742HB42::detail::VariantData* ArduinoJson::V742HB42::detail::VariantData::getMember(const ArduinoJson::V742HB42::detail::VariantData*, TAdaptedString, const ArduinoJson::V742HB42::detail::ResourceManager*) [with TAdaptedString = ArduinoJson::V742HB42::detail::RamString]’ at /workspace/scratch/c744abbbbd60/consolidation-runtime/lib/ArduinoJson/src/ArduinoJson/Variant/VariantData.hpp:340:26,
    inlined from ‘ArduinoJson::V742HB42::detail::VariantData* ArduinoJson::V742HB42::detail::MemberProxy< <template-parameter-1-1>, <template-parameter-1-2> >::getData() const [with TUpstream = ArduinoJson::V742HB42::detail::ElementProxy<ArduinoJson::V742HB42::detail::MemberProxy<ArduinoJson::V742HB42::JsonDocument&, ArduinoJson::V742HB42::detail::RamString> >; AdaptedString = ArduinoJson::V742HB42::detail::RamString]’ at /workspace/scratch/c744abbbbd60/consolidation-runtime/lib/ArduinoJson/src/ArduinoJson/Object/MemberProxy.hpp:59:34:
/workspace/scratch/c744abbbbd60/consolidation-runtime/lib/ArduinoJson/src/ArduinoJson/Object/ObjectImpl.hpp:43:19: warning: ‘<anonymous>.ArduinoJson::V742HB42::detail::CollectionIterator::nextId_’ may be used uninitialized [-Wmaybe-uninitialized]
   43 |   return iterator();
      |                   ^
/workspace/scratch/c744abbbbd60/consolidation-runtime/lib/ArduinoJson/src/ArduinoJson/Object/ObjectImpl.hpp: In member function ‘ArduinoJson::V742HB42::detail::VariantData* ArduinoJson::V742HB42::detail::MemberProxy< <template-parameter-1-1>, <template-parameter-1-2> >::getData() const [with TUpstream = ArduinoJson::V742HB42::detail::ElementProxy<ArduinoJson::V742HB42::detail::MemberProxy<ArduinoJson::V742HB42::JsonDocument&, ArduinoJson::V742HB42::detail::RamString> >; AdaptedString = ArduinoJson::V742HB42::detail::RamString]’:
/workspace/scratch/c744abbbbd60/consolidation-runtime/lib/ArduinoJson/src/ArduinoJson/Object/ObjectImpl.hpp:43:10: note: ‘<anonymous>’ declared here
   43 |   return iterator();
      |          ^~~~~~~~~~
STAGE serial-first roots=2 profiles=16 read_calls=48 bytes=12865 upper_waits=340 directory_peak=2 directory_failures=0 live=0 sectors=724 modules=8 pins=8
STAGE serial-ten-repeat roots=0 profiles=0 read_calls=0 bytes=0 upper_waits=0 directory_peak=0 directory_failures=0 live=0 sectors=0 modules=8 pins=8
DIR_OPEN_FAILURE path=/Drivers/t5s3-usb-power-profile live=8
REJECT cap=input.navigation reason=Provider dependency unavailable: board.power.bq25896.profile
STAGE navigation-first roots=10 profiles=197 read_calls=226 bytes=18576 upper_waits=743 directory_peak=8 directory_failures=1 live=0 sectors=1946 modules=8 pins=8
DIR_OPEN_FAILURE path=/Drivers/t5s3-usb-power-profile live=8
REJECT cap=input.navigation reason=Provider dependency unavailable: board.power.bq25896.profile
DIR_OPEN_FAILURE path=/Drivers/t5s3-usb-power-profile live=8
REJECT cap=input.navigation reason=Provider dependency unavailable: board.power.bq25896.profile
DIR_OPEN_FAILURE path=/Drivers/t5s3-usb-power-profile live=8
REJECT cap=input.navigation reason=Provider dependency unavailable: board.power.bq25896.profile
DIR_OPEN_FAILURE path=/Drivers/t5s3-usb-power-profile live=8
REJECT cap=input.navigation reason=Provider dependency unavailable: board.power.bq25896.profile
DIR_OPEN_FAILURE path=/Drivers/t5s3-usb-power-profile live=8
REJECT cap=input.navigation reason=Provider dependency unavailable: board.power.bq25896.profile
DIR_OPEN_FAILURE path=/Drivers/t5s3-usb-power-profile live=8
REJECT cap=input.navigation reason=Provider dependency unavailable: board.power.bq25896.profile
DIR_OPEN_FAILURE path=/Drivers/t5s3-usb-power-profile live=8
REJECT cap=input.navigation reason=Provider dependency unavailable: board.power.bq25896.profile
DIR_OPEN_FAILURE path=/Drivers/t5s3-usb-power-profile live=8
REJECT cap=input.navigation reason=Provider dependency unavailable: board.power.bq25896.profile
DIR_OPEN_FAILURE path=/Drivers/t5s3-usb-power-profile live=8
REJECT cap=input.navigation reason=Provider dependency unavailable: board.power.bq25896.profile
DIR_OPEN_FAILURE path=/Drivers/t5s3-usb-power-profile live=8
REJECT cap=input.navigation reason=Provider dependency unavailable: board.power.bq25896.profile
STAGE navigation-ten-repeat roots=100 profiles=1970 read_calls=2260 bytes=185760 upper_waits=7430 directory_peak=8 directory_failures=10 live=0 sectors=19460 modules=8 pins=8
STAGE touch-after roots=3 profiles=58 read_calls=147 bytes=46945 upper_waits=295 directory_peak=2 directory_failures=0 live=0 sectors=576 modules=9 pins=9
Production provider admission navigation (original control) PASS
STAGE serial-first roots=2 profiles=16 read_calls=48 bytes=12865 upper_waits=340 directory_peak=2 directory_failures=0 live=0 sectors=724 modules=8 pins=8
STAGE serial-ten-repeat roots=0 profiles=0 read_calls=0 bytes=0 upper_waits=0 directory_peak=0 directory_failures=0 live=0 sectors=0 modules=8 pins=8
STAGE touch-first roots=3 profiles=58 read_calls=147 bytes=46945 upper_waits=295 directory_peak=2 directory_failures=0 live=0 sectors=576 modules=9 pins=9
DIR_OPEN_FAILURE path=/Drivers/t5s3-usb-power-profile live=8
REJECT cap=input.navigation reason=Provider dependency unavailable: board.power.bq25896.profile
STAGE navigation-first roots=10 profiles=197 read_calls=226 bytes=18576 upper_waits=743 directory_peak=8 directory_failures=1 live=0 sectors=1946 modules=9 pins=9
DIR_OPEN_FAILURE path=/Drivers/t5s3-usb-power-profile live=8
REJECT cap=input.navigation reason=Provider dependency unavailable: board.power.bq25896.profile
DIR_OPEN_FAILURE path=/Drivers/t5s3-usb-power-profile live=8
REJECT cap=input.navigation reason=Provider dependency unavailable: board.power.bq25896.profile
DIR_OPEN_FAILURE path=/Drivers/t5s3-usb-power-profile live=8
REJECT cap=input.navigation reason=Provider dependency unavailable: board.power.bq25896.profile
DIR_OPEN_FAILURE path=/Drivers/t5s3-usb-power-profile live=8
REJECT cap=input.navigation reason=Provider dependency unavailable: board.power.bq25896.profile
DIR_OPEN_FAILURE path=/Drivers/t5s3-usb-power-profile live=8
REJECT cap=input.navigation reason=Provider dependency unavailable: board.power.bq25896.profile
DIR_OPEN_FAILURE path=/Drivers/t5s3-usb-power-profile live=8
REJECT cap=input.navigation reason=Provider dependency unavailable: board.power.bq25896.profile
DIR_OPEN_FAILURE path=/Drivers/t5s3-usb-power-profile live=8
REJECT cap=input.navigation reason=Provider dependency unavailable: board.power.bq25896.profile
DIR_OPEN_FAILURE path=/Drivers/t5s3-usb-power-profile live=8
REJECT cap=input.navigation reason=Provider dependency unavailable: board.power.bq25896.profile
DIR_OPEN_FAILURE path=/Drivers/t5s3-usb-power-profile live=8
REJECT cap=input.navigation reason=Provider dependency unavailable: board.power.bq25896.profile
DIR_OPEN_FAILURE path=/Drivers/t5s3-usb-power-profile live=8
REJECT cap=input.navigation reason=Provider dependency unavailable: board.power.bq25896.profile
STAGE navigation-ten-repeat roots=100 profiles=1970 read_calls=2260 bytes=185760 upper_waits=7430 directory_peak=8 directory_failures=10 live=0 sectors=19460 modules=9 pins=9
STAGE touch-after roots=1 profiles=19 read_calls=19 bytes=813 upper_waits=58 directory_peak=1 directory_failures=0 live=0 sectors=151 modules=9 pins=9
Production provider admission touch-first (original control) PASS
STAGE topological-eight roots=18 profiles=350 read_calls=2069 bytes=883700 upper_waits=3145 directory_peak=2 directory_failures=0 live=0 sectors=4974 modules=16 pins=16
REJECT cap=usb.xinput.gamepad reason=Provider dependency unavailable: usb.xinput.gamepad
REJECT cap=input.navigation reason=Provider dependency unavailable: input.navigation
REJECT cap=input.touch.raw reason=Provider dependency unavailable: input.touch.raw
STAGE topological-rest roots=3 profiles=57 read_calls=57 bytes=2439 upper_waits=174 directory_peak=1 directory_failures=0 live=0 sectors=453 modules=16 pins=16
REJECT cap=input.text reason=Provider dependency unavailable: input.text
STAGE full-graph-reuse-and-overflow roots=1 profiles=19 read_calls=19 bytes=813 upper_waits=58 directory_peak=1 directory_failures=0 live=0 sectors=151 modules=16 pins=16
Exact production GraphV2 capacity and overflow PASS
Production provider admission capacity (original control) PASS
Candidate-only failure/retry checks skipped in original-control mode
Production provider admission faults (original control) PASS
